-----  --
1       0
2       0
3       0
4       0
5       0
6       0
7       0
8       1
9       1
10      1
11      0
12      0
13      1
14      1
15      1
0       9
X       1
Total  16
-----  --
The Value Of Reachability is: 16
Hence the End State is Reachable

Order of Node Expansion:
+----+----+----+----+
|  1 |  2 |  3 |  4 |
+----+----+----+----+
|  5 |  6 |  7 |  8 |
+----+----+----+----+
|  9 | 10 |  0 | 11 |
+----+----+----+----+
| 13 | 14 | 15 | 12 |
+----+----+----+----+
+----+----+----+----+
|  1 |  2 |  3 |  4 |
+----+----+----+----+
|  5 |  0 |  6 |  8 |
+----+----+----+----+
|  9 | 10 |  7 | 11 |
+----+----+----+----+
| 13 | 14 | 15 | 12 |
+----+----+----+----+
+----+----+----+----+
|  1 |  2 |  0 |  4 |
+----+----+----+----+
|  5 |  6 |  3 |  8 |
+----+----+----+----+
|  9 | 10 |  7 | 11 |
+----+----+----+----+
| 13 | 14 | 15 | 12 |
+----+----+----+----+
+----+----+----+----+
|  1 |  2 |  3 |  4 |
+----+----+----+----+
|  5 |  6 |  8 |  0 |
+----+----+----+----+
|  9 | 10 |  7 | 11 |
+----+----+----+----+
| 13 | 14 | 15 | 12 |
+----+----+----+----+
+----+----+----+----+
|  1 |  2 |  3 |  4 |
+----+----+----+----+
|  5 |  6 |  7 |  8 |
+----+----+----+----+
|  9 | 10 | 15 | 11 |
+----+----+----+----+
| 13 | 14 |  0 | 12 |
+----+----+----+----+
+----+----+----+----+
|  1 |  2 |  3 |  4 |
+----+----+----+----+
|  5 |  6 |  7 |  8 |
+----+----+----+----+
|  9 |  0 | 10 | 11 |
+----+----+----+----+
| 13 | 14 | 15 | 12 |
+----+----+----+----+
+----+----+----+----+
|  1 |  2 |  3 |  4 |
+----+----+----+----+
|  5 |  6 |  7 |  8 |
+----+----+----+----+
|  9 | 10 | 11 |  0 |
+----+----+----+----+
| 13 | 14 | 15 | 12 |
+----+----+----+----+
+----+----+----+----+
|  1 |  2 |  3 |  4 |
+----+----+----+----+
|  5 |  6 |  7 |  8 |
+----+----+----+----+
|  9 | 10 | 11 | 12 |
+----+----+----+----+
| 13 | 14 | 15 |  0 |
+----+----+----+----+
+----+----+----+----+
|  1 |  2 |  3 |  4 |
+----+----+----+----+
|  5 |  6 |  7 |  0 |
+----+----+----+----+
|  9 | 10 | 11 |  8 |
+----+----+----+----+
| 13 | 14 | 15 | 12 |
+----+----+----+----+
+----+----+----+----+
|  1 |  0 |  2 |  4 |
+----+----+----+----+
|  5 |  6 |  3 |  8 |
+----+----+----+----+
|  9 | 10 |  7 | 11 |
+----+----+----+----+
| 13 | 14 | 15 | 12 |
+----+----+----+----+
+----+----+----+----+
|  1 |  2 |  4 |  0 |
+----+----+----+----+
|  5 |  6 |  3 |  8 |
+----+----+----+----+
|  9 | 10 |  7 | 11 |
+----+----+----+----+
| 13 | 14 | 15 | 12 |
+----+----+----+----+
+----+----+----+----+
|  1 |  2 |  3 |  4 |
+----+----+----+----+
|  5 |  6 |  7 |  8 |
+----+----+----+----+
|  9 | 10 | 15 | 11 |
+----+----+----+----+
| 13 |  0 | 14 | 12 |
+----+----+----+----+
+----+----+----+----+
|  1 |  2 |  3 |  4 |
+----+----+----+----+
|  5 |  6 |  7 |  8 |
+----+----+----+----+
|  9 | 10 | 15 | 11 |
+----+----+----+----+
| 13 | 14 | 12 |  0 |
+----+----+----+----+

Single Best Solution:
--- Initial State ---
+----+----+----+----+
|  1 |  2 |  3 |  4 |
+----+----+----+----+
|  5 |  6 |  0 |  8 |
+----+----+----+----+
|  9 | 10 |  7 | 11 |
+----+----+----+----+
| 13 | 14 | 15 | 12 |
+----+----+----+----+
--- UP ---
+----+----+----+----+
|  1 |  2 |  3 |  4 |
+----+----+----+----+
|  5 |  6 |  7 |  8 |
+----+----+----+----+
|  9 | 10 |  0 | 11 |
+----+----+----+----+
| 13 | 14 | 15 | 12 |
+----+----+----+----+
--- LEFT ---
+----+----+----+----+
|  1 |  2 |  3 |  4 |
+----+----+----+----+
|  5 |  6 |  7 |  8 |
+----+----+----+----+
|  9 | 10 | 11 |  0 |
+----+----+----+----+
| 13 | 14 | 15 | 12 |
+----+----+----+----+
--- UP ---
+----+----+----+----+
|  1 |  2 |  3 |  4 |
+----+----+----+----+
|  5 |  6 |  7 |  8 |
+----+----+----+----+
|  9 | 10 | 11 | 12 |
+----+----+----+----+
| 13 | 14 | 15 |  0 |
+----+----+----+----+

--- Total Nodes: 14 ---

--- Time Taken : 1.998ms ---

State Space Tree:

+
|  1  2  3  4 | None,
|  5  6  0  8 | None,
|  9 10  7 11 | UnBounded,
| 13 14 15 12 | Not Solution
  +
  |  1  2  3  4 | UP,
  |  5  6  7  8 | 3,
  |  9 10  0 11 | UnBounded,
  | 13 14 15 12 | Not Solution
    +
    |  1  2  3  4 | UP,
    |  5  6  7  8 | 5,
    |  9 10 15 11 | UnBounded,
    | 13 14  0 12 | Not Solution
      +
      |  1  2  3  4 | RIGHT,
      |  5  6  7  8 | 7,
      |  9 10 15 11 | Bounded,
      | 13  0 14 12 | Not Solution
      +
      |  1  2  3  4 | LEFT,
      |  5  6  7  8 | 6,
      |  9 10 15 11 | Bounded,
      | 13 14 12  0 | Not Solution
    +
    |  1  2  3  4 | RIGHT,
    |  5  6  7  8 | 5,
    |  9  0 10 11 | Bounded,
    | 13 14 15 12 | Not Solution
    +
    |  1  2  3  4 | LEFT,
    |  5  6  7  8 | 3,
    |  9 10 11  0 | UnBounded,
    | 13 14 15 12 | Not Solution
      +
      |  1  2  3  4 | UP,
      |  5  6  7  8 | 3,
      |  9 10 11 12 | UnBounded,
      | 13 14 15  0 | Solution
      +
      |  1  2  3  4 | DOWN,
      |  5  6  7  0 | 5,
      |  9 10 11  8 | Bounded,
      | 13 14 15 12 | Not Solution
  +
  |  1  2  3  4 | RIGHT,
  |  5  0  6  8 | 5,
  |  9 10  7 11 | Bounded,
  | 13 14 15 12 | Not Solution
  +
  |  1  2  0  4 | DOWN,
  |  5  6  3  8 | 5,
  |  9 10  7 11 | UnBounded,
  | 13 14 15 12 | Not Solution
    +
    |  1  0  2  4 | RIGHT,
    |  5  6  3  8 | 7,
    |  9 10  7 11 | Bounded,
    | 13 14 15 12 | Not Solution
    +
    |  1  2  4  0 | LEFT,
    |  5  6  3  8 | 7,
    |  9 10  7 11 | Bounded,
    | 13 14 15 12 | Not Solution
  +
  |  1  2  3  4 | LEFT,
  |  5  6  8  0 | 5,
  |  9 10  7 11 | Bounded,
  | 13 14 15 12 | Not Solution

Solutions:
Solution no.1
|  1  2  3  4 | UP,
|  5  6  7  8 | 3,
|  9 10  0 11 | UnBounded,
| 13 14 15 12 | Not Solution
|  1  2  3  4 | LEFT,
|  5  6  7  8 | 3,
|  9 10 11  0 | UnBounded,
| 13 14 15 12 | Not Solution
|  1  2  3  4 | UP,
|  5  6  7  8 | 3,
|  9 10 11 12 | UnBounded,
| 13 14 15  0 | Solution
This Solution Has 3 Moves
