--- INPUT ---
+---+----+----+----+
| 1 |  2 |  3 |  4 |
+---+----+----+----+
| 5 |  6 |  7 |  8 |
+---+----+----+----+
| 9 | 10 | 11 | 12 |
+---+----+----+----+
| 0 | 13 | 15 | 14 |
+---+----+----+----+
-----  -
1      0
2      0
3      0
4      0
5      0
6      0
7      0
8      0
9      0
10     0
11     0
12     0
13     0
14     0
15     1
0      3
X      1
Total  5
-----  -
The Value Of Reachability is: 5
Hence the End State is Unreachable

End State Unreachable, Exiting...
